2025-03-10T09:41:41.154Z [ctureModificationListener$Companion.initForProject] INFO ProjectStructureModificationListener is init for project Dessert Clicker
2025-03-10T09:41:41.156Z [s.AiToolwindowsInitializer.reinitializeToolWindows] INFO AI state ENABLED
2025-03-10T09:41:41.159Z [nfrastructureApiService.createInfrastructureFacade] INFO isInfrastructureDebug: false
2025-03-10T09:41:41.159Z [nfrastructureApiService.createInfrastructureFacade] INFO Use port: 51086
2025-03-10T09:41:41.160Z [.services.HeavyInfrastructureApiService.initialize] INFO Plugin context initialized
2025-03-10T09:41:41.160Z [itializeManager$initializeAnalyzer$1.invokeSuspend] INFO initializing infrastructure
2025-03-10T09:41:41.630Z [y.aiintellij.ui.panels.AIToolWindowLogPanel.<init>] INFO initializing a logs panel
2025-03-10T09:41:41.633Z [els.AIToolWindowLogPanel.reloadAdditionalLogPanels] INFO reloading additional log panels
2025-03-10T09:41:41.633Z [els.AIToolWindowLogPanel.reloadAdditionalLogPanels] INFO not in developer mode, skipping
2025-03-10T09:41:41.719Z [y.aiintellij.ui.panels.AIToolWindowLogPanel.<init>] INFO initializing a logs panel
2025-03-10T09:41:41.721Z [els.AIToolWindowLogPanel.reloadAdditionalLogPanels] INFO reloading additional log panels
2025-03-10T09:41:41.721Z [els.AIToolWindowLogPanel.reloadAdditionalLogPanels] INFO not in developer mode, skipping
2025-03-10T09:41:43.209Z [intellij.services.AiInitializeManager.initializeAI] INFO IntelliJ listens web server on port: 63342
2025-03-10T09:41:44.504Z [initializeInfrastructureInstance$1$1.invokeSuspend] INFO Infrastructure initialized
2025-03-10T09:41:45.527Z [y.aiintellij.utils.logging.AiProjectLogger.cleanUp] INFO Clean up logs files was started
2025-03-10T09:41:45.533Z [y.aiintellij.utils.logging.AiProjectLogger.cleanUp] INFO Clean up logs files was finished
2025-03-10T09:41:51.148Z [sistantNotificationService.onAssistantNotification] INFO TipsAvailabilityChanged notification is received by assistant
2025-03-10T09:41:51.184Z [sistantNotificationService.onAssistantNotification] INFO QuickFixTipsUpdated notification is received by assistant
2025-03-10T09:41:51.191Z [ices.aie.AieInitializer$initialize$1.invokeSuspend] INFO AIE integration isn't initialized, skipping listeners initialization
2025-03-10T09:41:51.552Z [sistantNotificationService.onAssistantNotification] INFO TipsAvailabilityChanged notification is received by assistant
2025-03-10T09:41:51.569Z [sistantNotificationService.onAssistantNotification] INFO QuickFixTipsUpdated notification is received by assistant
