2025-03-09T18:25:48.156Z [ctureModificationListener$Companion.initForProject] INFO ProjectStructureModificationListener is init for project Dessert Clicker
2025-03-09T18:25:48.166Z [s.AiToolwindowsInitializer.reinitializeToolWindows] INFO AI state ENABLED
2025-03-09T18:25:48.266Z [nfrastructureApiService.createInfrastructureFacade] INFO isInfrastructureDebug: false
2025-03-09T18:25:48.267Z [nfrastructureApiService.createInfrastructureFacade] INFO Use port: 29774
2025-03-09T18:25:48.291Z [.services.HeavyInfrastructureApiService.initialize] INFO Plugin context initialized
2025-03-09T18:25:48.292Z [itializeManager$initializeAnalyzer$1.invokeSuspend] INFO initializing infrastructure
2025-03-09T18:25:48.722Z [y.aiintellij.ui.panels.AIToolWindowLogPanel.<init>] INFO initializing a logs panel
2025-03-09T18:25:48.742Z [els.AIToolWindowLogPanel.reloadAdditionalLogPanels] INFO reloading additional log panels
2025-03-09T18:25:48.743Z [els.AIToolWindowLogPanel.reloadAdditionalLogPanels] INFO not in developer mode, skipping
2025-03-09T18:25:48.901Z [y.aiintellij.ui.panels.AIToolWindowLogPanel.<init>] INFO initializing a logs panel
2025-03-09T18:25:48.908Z [els.AIToolWindowLogPanel.reloadAdditionalLogPanels] INFO reloading additional log panels
2025-03-09T18:25:48.909Z [els.AIToolWindowLogPanel.reloadAdditionalLogPanels] INFO not in developer mode, skipping
2025-03-09T18:25:50.682Z [intellij.services.AiInitializeManager.initializeAI] INFO IntelliJ listens web server on port: 63344
2025-03-09T18:26:20.857Z [initializeInfrastructureInstance$1$1.invokeSuspend] INFO Infrastructure initialized
2025-03-09T18:26:22.166Z [y.aiintellij.utils.logging.AiProjectLogger.cleanUp] INFO Clean up logs files was started
2025-03-09T18:26:22.188Z [y.aiintellij.utils.logging.AiProjectLogger.cleanUp] INFO Clean up logs files was finished
2025-03-09T18:26:48.365Z [sistantNotificationService.onAssistantNotification] INFO TipsAvailabilityChanged notification is received by assistant
2025-03-09T18:26:48.378Z [ices.aie.AieInitializer$initialize$1.invokeSuspend] INFO AIE integration isn't initialized, skipping listeners initialization
2025-03-09T18:26:48.381Z [sistantNotificationService.onAssistantNotification] INFO QuickFixTipsUpdated notification is received by assistant
2025-03-09T18:26:48.622Z [sistantNotificationService.onAssistantNotification] INFO TipsAvailabilityChanged notification is received by assistant
2025-03-09T18:26:48.653Z [sistantNotificationService.onAssistantNotification] INFO QuickFixTipsUpdated notification is received by assistant
